<html>
<head>
    <title>API Doc</title>
</head>
<body>
    <ns-api name="getRestaurants" method="GET" url="http://www.yahoo.com/restaurants"></ns-api>
    <ns-api name="updateCourtHouses" method="PUT" url="http://www.google.com/courthouses"></ns-api>
    <ns-api name="deleteMusic" method="DELETE" url="http://www.altavista.com/music"></ns-api>
</body>
</html>